<?xml version='1.0' encoding='UTF-8'?>
<DEFECTS><DEFECT><SFA><FILEPATH>e:\enlistcsa\sources\wincsa\src\ddsuites\src\vs\edtqa\static\xmlvalidation\advancedmerging\</FILEPATH><FILENAME>am_branchandsetvalue.cpp</FILENAME><LINE>8</LINE><COLUMN>9</COLUMN></SFA><DEFECTCODE>6001</DEFECTCODE><DESCRIPTION>Using uninitialized memory 'data'.</DESCRIPTION><FUNCTION>CompareToTen</FUNCTION><DECORATED>?CompareToTen@@YAXPAHH@Z</DECORATED><FUNCLINE>2</FUNCLINE><PROBABILITY>1</PROBABILITY><RANK>3</RANK><CATEGORY><RULECATEGORY>mspft</RULECATEGORY></CATEGORY><PATH><SFA><FILEPATH>e:\enlistcsa\sources\wincsa\src\ddsuites\src\vs\edtqa\static\xmlvalidation\advancedmerging\</FILEPATH><FILENAME>am_branchandsetvalue.cpp</FILENAME><LINE>4</LINE><COLUMN>5</COLUMN><KEYEVENT><ID>1</ID><KIND>declaration</KIND><IMPORTANCE>Essential</IMPORTANCE><MESSAGE>'data' is not initialized</MESSAGE></KEYEVENT></SFA><SFA><FILEPATH>e:\enlistcsa\sources\wincsa\src\ddsuites\src\vs\edtqa\static\xmlvalidation\advancedmerging\</FILEPATH><FILENAME>am_branchandsetvalue.cpp</FILENAME><LINE>6</LINE><COLUMN>7</COLUMN></SFA><SFA><FILEPATH>e:\enlistcsa\sources\wincsa\src\ddsuites\src\vs\edtqa\static\xmlvalidation\advancedmerging\</FILEPATH><FILENAME>am_branchandsetvalue.cpp</FILENAME><LINE>8</LINE><COLUMN>9</COLUMN><KEYEVENT><ID>2</ID><KIND>usage</KIND><IMPORTANCE>Essential</IMPORTANCE><MESSAGE>'data' is used, but may not have been initialized</MESSAGE></KEYEVENT></SFA></PATH></DEFECT><DEFECT><SFA><FILEPATH>e:\enlistcsa\sources\wincsa\src\ddsuites\src\vs\edtqa\static\xmlvalidation\advancedmerging\</FILEPATH><FILENAME>am_branchandsetvalue.cpp</FILENAME><LINE>8</LINE><COLUMN>9</COLUMN></SFA><DEFECTCODE>6385</DEFECTCODE><DESCRIPTION>Reading invalid data from 'data':  the readable size is '40' bytes, but 'b' bytes may be read.</DESCRIPTION><FUNCTION>CompareToTen</FUNCTION><DECORATED>?CompareToTen@@YAXPAHH@Z</DECORATED><FUNCLINE>2</FUNCLINE><PROBABILITY>1</PROBABILITY><RANK>4</RANK><CATEGORY><RULECATEGORY>mspft</RULECATEGORY></CATEGORY><PATH><SFA><FILEPATH>e:\enlistcsa\sources\wincsa\src\ddsuites\src\vs\edtqa\static\xmlvalidation\advancedmerging\</FILEPATH><FILENAME>am_branchandsetvalue.cpp</FILENAME><LINE>4</LINE><COLUMN>5</COLUMN><KEYEVENT><ID>1</ID><KIND>declaration</KIND><IMPORTANCE>Essential</IMPORTANCE><MESSAGE>'data' is an array of 10 elements (40 bytes)</MESSAGE></KEYEVENT></SFA><SFA><FILEPATH>e:\enlistcsa\sources\wincsa\src\ddsuites\src\vs\edtqa\static\xmlvalidation\advancedmerging\</FILEPATH><FILENAME>am_branchandsetvalue.cpp</FILENAME><LINE>6</LINE><COLUMN>7</COLUMN><KEYEVENT><ID>2</ID><KIND>branch</KIND><IMPORTANCE>Full</IMPORTANCE><MESSAGE>'b' may equal 10 (Enter this branch)</MESSAGE></KEYEVENT></SFA><SFA><FILEPATH>e:\enlistcsa\sources\wincsa\src\ddsuites\src\vs\edtqa\static\xmlvalidation\advancedmerging\</FILEPATH><FILENAME>am_branchandsetvalue.cpp</FILENAME><LINE>8</LINE><COLUMN>9</COLUMN><KEYEVENT><ID>3</ID><KIND>usage</KIND><IMPORTANCE>Essential</IMPORTANCE><MESSAGE>Invalid read from 'data[10]', (readable range is 0 to 9)</MESSAGE></KEYEVENT></SFA></PATH></DEFECT></DEFECTS>