<?xml version='1.0' encoding='UTF-8'?>
<DEFECTS><DEFECT><SFA><FILEPATH>d:\wincsa\src\ddsuites\src\vs\edtqa\static\xmlvalidation\c6011\</FILEPATH><FILENAME>c6011example.cpp</FILENAME><LINE>7</LINE><COLUMN>4</COLUMN></SFA><DEFECTCODE>6011</DEFECTCODE><DESCRIPTION>Dereferencing NULL pointer 'p'. </DESCRIPTION><FUNCTION>C6011_Example</FUNCTION><DECORATED>?C6011_Example@@YAXXZ</DECORATED><FUNCLINE>4</FUNCLINE><PROBABILITY>1</PROBABILITY><RANK>4</RANK><CATEGORY><RULECATEGORY>mspft</RULECATEGORY></CATEGORY><PATH><SFA><FILEPATH>d:\wincsa\src\ddsuites\src\vs\edtqa\static\xmlvalidation\c6011\</FILEPATH><FILENAME>c6011example.cpp</FILENAME><LINE>6</LINE><COLUMN>7</COLUMN><KEYEVENT><ID>1</ID><KIND>declaration</KIND><IMPORTANCE>Essential</IMPORTANCE><MESSAGE>'p' may be NULL</MESSAGE></KEYEVENT></SFA><SFA><FILEPATH>d:\wincsa\src\ddsuites\src\vs\edtqa\static\xmlvalidation\c6011\</FILEPATH><FILENAME>c6011example.cpp</FILENAME><LINE>7</LINE><COLUMN>4</COLUMN><KEYEVENT><ID>2</ID><KIND>usage</KIND><IMPORTANCE>Essential</IMPORTANCE><MESSAGE>'p' is dereferenced, but may still be NULL</MESSAGE></KEYEVENT></SFA></PATH></DEFECT></DEFECTS>