<?xml version='1.0' encoding='UTF-8'?>
<DEFECTS><DEFECT><SFA><FILEPATH>c:\wincsa\src\ddsuites\src\vs\edtqa\static\xmlvalidation\longmacrocondition\</FILEPATH><FILENAME>longconditions.cpp</FILENAME><LINE>16</LINE><COLUMN>1</COLUMN></SFA><DEFECTCODE>6001</DEFECTCODE><DESCRIPTION>Using uninitialized memory 'simpleVar'.</DESCRIPTION><FUNCTION>C6001LongCondition_Example</FUNCTION><DECORATED>?C6001LongCondition_Example@@YAHXZ</DECORATED><FUNCLINE>5</FUNCLINE><PROBABILITY>1</PROBABILITY><RANK>3</RANK><CATEGORY><RULECATEGORY>mspft</RULECATEGORY></CATEGORY><PATH><SFA><FILEPATH>c:\wincsa\src\ddsuites\src\vs\edtqa\static\xmlvalidation\longmacrocondition\</FILEPATH><FILENAME>longconditions.cpp</FILENAME><LINE>7</LINE><COLUMN>5</COLUMN><KEYEVENT><ID>1</ID><KIND>declaration</KIND><IMPORTANCE>Essential</IMPORTANCE><MESSAGE>'simpleVar' is not initialized</MESSAGE></KEYEVENT></SFA><SFA><FILEPATH>c:\wincsa\src\ddsuites\src\vs\edtqa\static\xmlvalidation\longmacrocondition\</FILEPATH><FILENAME>longconditions.cpp</FILENAME><LINE>10</LINE><COLUMN>53</COLUMN><KEYEVENT><ID>2</ID><KIND>branch</KIND><IMPORTANCE>Full</IMPORTANCE><MESSAGE>Skip this branch, (assume '&lt;branch condition&gt;' is false)</MESSAGE></KEYEVENT></SFA><SFA><FILEPATH>c:\wincsa\src\ddsuites\src\vs\edtqa\static\xmlvalidation\longmacrocondition\</FILEPATH><FILENAME>longconditions.cpp</FILENAME><LINE>16</LINE><COLUMN>1</COLUMN><KEYEVENT><ID>3</ID><KIND>usage</KIND><IMPORTANCE>Essential</IMPORTANCE><MESSAGE>'simpleVar' is used, but may not have been initialized</MESSAGE></KEYEVENT></SFA></PATH></DEFECT><DEFECT><SFA><FILEPATH>c:\wincsa\src\ddsuites\src\vs\edtqa\static\xmlvalidation\longmacrocondition\</FILEPATH><FILENAME>longconditions.cpp</FILENAME><LINE>28</LINE><COLUMN>1</COLUMN></SFA><DEFECTCODE>6001</DEFECTCODE><DESCRIPTION>Using uninitialized memory 'simpleVar'.</DESCRIPTION><FUNCTION>C6001LongCondition15_Example</FUNCTION><DECORATED>?C6001LongCondition15_Example@@YAHXZ</DECORATED><FUNCLINE>19</FUNCLINE><PROBABILITY>1</PROBABILITY><RANK>3</RANK><CATEGORY><RULECATEGORY>mspft</RULECATEGORY></CATEGORY><PATH><SFA><FILEPATH>c:\wincsa\src\ddsuites\src\vs\edtqa\static\xmlvalidation\longmacrocondition\</FILEPATH><FILENAME>longconditions.cpp</FILENAME><LINE>21</LINE><COLUMN>5</COLUMN><KEYEVENT><ID>1</ID><KIND>declaration</KIND><IMPORTANCE>Essential</IMPORTANCE><MESSAGE>'simpleVar' is not initialized</MESSAGE></KEYEVENT></SFA><SFA><FILEPATH>c:\wincsa\src\ddsuites\src\vs\edtqa\static\xmlvalidation\longmacrocondition\</FILEPATH><FILENAME>longconditions.cpp</FILENAME><LINE>23</LINE><COLUMN>6</COLUMN><KEYEVENT><ID>2</ID><KIND>branch</KIND><IMPORTANCE>Full</IMPORTANCE><MESSAGE>Skip this branch, (assume '&lt;branch condition&gt;' is false)</MESSAGE></KEYEVENT></SFA><SFA><FILEPATH>c:\wincsa\src\ddsuites\src\vs\edtqa\static\xmlvalidation\longmacrocondition\</FILEPATH><FILENAME>longconditions.cpp</FILENAME><LINE>28</LINE><COLUMN>1</COLUMN><KEYEVENT><ID>3</ID><KIND>usage</KIND><IMPORTANCE>Essential</IMPORTANCE><MESSAGE>'simpleVar' is used, but may not have been initialized</MESSAGE></KEYEVENT></SFA></PATH></DEFECT><DEFECT><SFA><FILEPATH>c:\wincsa\src\ddsuites\src\vs\edtqa\static\xmlvalidation\longmacrocondition\</FILEPATH><FILENAME>longconditions.cpp</FILENAME><LINE>40</LINE><COLUMN>1</COLUMN></SFA><DEFECTCODE>6001</DEFECTCODE><DESCRIPTION>Using uninitialized memory 'simpleVar'.</DESCRIPTION><FUNCTION>C6001LongCondition14_Example</FUNCTION><DECORATED>?C6001LongCondition14_Example@@YAHXZ</DECORATED><FUNCLINE>31</FUNCLINE><PROBABILITY>1</PROBABILITY><RANK>3</RANK><CATEGORY><RULECATEGORY>mspft</RULECATEGORY></CATEGORY><PATH><SFA><FILEPATH>c:\wincsa\src\ddsuites\src\vs\edtqa\static\xmlvalidation\longmacrocondition\</FILEPATH><FILENAME>longconditions.cpp</FILENAME><LINE>33</LINE><COLUMN>5</COLUMN><KEYEVENT><ID>1</ID><KIND>declaration</KIND><IMPORTANCE>Essential</IMPORTANCE><MESSAGE>'simpleVar' is not initialized</MESSAGE></KEYEVENT></SFA><SFA><FILEPATH>c:\wincsa\src\ddsuites\src\vs\edtqa\static\xmlvalidation\longmacrocondition\</FILEPATH><FILENAME>longconditions.cpp</FILENAME><LINE>35</LINE><COLUMN>6</COLUMN><KEYEVENT><ID>2</ID><KIND>branch</KIND><IMPORTANCE>Full</IMPORTANCE><MESSAGE>Skip this branch, (assume '!isDefined' is false)</MESSAGE></KEYEVENT></SFA><SFA><FILEPATH>c:\wincsa\src\ddsuites\src\vs\edtqa\static\xmlvalidation\longmacrocondition\</FILEPATH><FILENAME>longconditions.cpp</FILENAME><LINE>40</LINE><COLUMN>1</COLUMN><KEYEVENT><ID>3</ID><KIND>usage</KIND><IMPORTANCE>Essential</IMPORTANCE><MESSAGE>'simpleVar' is used, but may not have been initialized</MESSAGE></KEYEVENT></SFA></PATH></DEFECT></DEFECTS>