<?xml version='1.0' encoding='UTF-8'?>
<DEFECTS><DEFECT><SFA><FILEPATH>c:\wincsa\src\ddsuites\src\vs\edtqa\static\xmlvalidation\c6200\</FILEPATH><FILENAME>c6200example.cpp</FILENAME><LINE>11</LINE><COLUMN>9</COLUMN></SFA><DEFECTCODE>6200</DEFECTCODE><DESCRIPTION>Index '14' is out of valid index range '0' to '2' for non-stack buffer 'buff'.</DESCRIPTION><FUNCTION>C6200_Example</FUNCTION><DECORATED>?C6200_Example@@YAXXZ</DECORATED><FUNCLINE>3</FUNCLINE><PROBABILITY>1</PROBABILITY><RANK>3</RANK><CATEGORY><RULECATEGORY>mspft</RULECATEGORY></CATEGORY><PATH><SFA><FILEPATH>c:\wincsa\src\ddsuites\src\vs\edtqa\static\xmlvalidation\c6200\</FILEPATH><FILENAME>c6200example.cpp</FILENAME><LINE>5</LINE><COLUMN>7</COLUMN><KEYEVENT><ID>1</ID><KIND>declaration</KIND><IMPORTANCE>Essential</IMPORTANCE><MESSAGE>'Buff' is an array of 14 elements (56 bytes)</MESSAGE></KEYEVENT></SFA><SFA><FILEPATH>c:\wincsa\src\ddsuites\src\vs\edtqa\static\xmlvalidation\c6200\</FILEPATH><FILENAME>c6200example.cpp</FILENAME><LINE>4</LINE><COLUMN>10</COLUMN><KEYEVENT><ID>7</ID><KIND>branch</KIND><IMPORTANCE>Essential</IMPORTANCE><MESSAGE>Assume 'buff' is not null</MESSAGE></KEYEVENT></SFA><SFA><FILEPATH>c:\wincsa\src\ddsuites\src\vs\edtqa\static\xmlvalidation\c6200\</FILEPATH><FILENAME>c6200example.cpp</FILENAME><LINE>9</LINE><COLUMN>10</COLUMN><KEYEVENT><ID>3</ID><KIND>branch</KIND><IMPORTANCE>Essential</IMPORTANCE><MESSAGE>Assume 'i' is 14 and this loop continues</MESSAGE></KEYEVENT></SFA><SFA><FILEPATH>c:\wincsa\src\ddsuites\src\vs\edtqa\static\xmlvalidation\c6200\</FILEPATH><FILENAME>c6200example.cpp</FILENAME><LINE>11</LINE><COLUMN>9</COLUMN><KEYEVENT><ID>4</ID><KIND>usage</KIND><IMPORTANCE>Essential</IMPORTANCE><MESSAGE>Invalid attempt to write 'buff[14]' (60 bytes)</MESSAGE></KEYEVENT></SFA></PATH></DEFECT></DEFECTS>