<?xml version='1.0' encoding='UTF-8'?>
<DEFECTS><DEFECT><SFA><FILEPATH>d:\enlistdd\csa_rc\sources\src\ddsuites\src\vs\edtqa\static\xmlvalidation\fixedbugs\</FILEPATH><FILENAME>tfs348783.cpp</FILENAME><LINE>10</LINE><COLUMN>10</COLUMN></SFA><DEFECTCODE>6386</DEFECTCODE><DESCRIPTION>Buffer overrun while writing to 'buffer':  the writable size is '20' bytes, but '40' bytes might be written.</DESCRIPTION><FUNCTION>count</FUNCTION><DECORATED>?count@@YAXPB_W@Z</DECORATED><FUNCLINE>7</FUNCLINE><PROBABILITY>1</PROBABILITY><RANK>4</RANK><CATEGORY><RULECATEGORY>mspft</RULECATEGORY></CATEGORY><PATH><SFA><FILEPATH>d:\enlistdd\csa_rc\sources\src\ddsuites\src\vs\edtqa\static\xmlvalidation\fixedbugs\</FILEPATH><FILENAME>tfs348783.cpp</FILENAME><LINE>9</LINE><COLUMN>10</COLUMN><KEYEVENT><ID>1</ID><KIND>declaration</KIND><IMPORTANCE>Essential</IMPORTANCE><MESSAGE>'buffer' is an array of 10 elements (20 bytes)</MESSAGE></KEYEVENT></SFA><SFA><FILEPATH>d:\enlistdd\csa_rc\sources\src\ddsuites\src\vs\edtqa\static\xmlvalidation\fixedbugs\</FILEPATH><FILENAME>tfs348783.cpp</FILENAME><LINE>10</LINE><COLUMN>10</COLUMN><KEYEVENT><ID>2</ID><KIND>declaration</KIND><IMPORTANCE>Full</IMPORTANCE><MESSAGE>'buffer' is an Output from 'wcscpy_s' (declared at d:\enlistdd\csa_rc\binaries\binaries\x86ret\inc\string.h:285)</MESSAGE></KEYEVENT></SFA><SFA><FILEPATH>d:\enlistdd\csa_rc\sources\src\ddsuites\src\vs\edtqa\static\xmlvalidation\fixedbugs\</FILEPATH><FILENAME>tfs348783.cpp</FILENAME><LINE>10</LINE><COLUMN>10</COLUMN><KEYEVENT><ID>3</ID><KIND>usage</KIND><IMPORTANCE>Essential</IMPORTANCE><MESSAGE>Invalid write to 'buffer[19]', (writable range is 0 to 9)</MESSAGE></KEYEVENT></SFA></PATH></DEFECT></DEFECTS>