<?xml version='1.0' encoding='UTF-8'?>
<DEFECTS><DEFECT><SFA><FILEPATH>d:\enlistdd\csa_rc\sources\src\ddsuites\src\vs\edtqa\static\xmlvalidation\fixedbugs\</FILEPATH><FILENAME>tfs372959.cpp</FILENAME><LINE>16</LINE><COLUMN>4</COLUMN></SFA><DEFECTCODE>6305</DEFECTCODE><DESCRIPTION>Potential mismatch between sizeof and countof quantities. Use sizeof() to scale byte sizes.</DESCRIPTION><FUNCTION>Missed6305::MissedAlias</FUNCTION><DECORATED>?MissedAlias@Missed6305@@AAEHPA_W@Z</DECORATED><FUNCLINE>9</FUNCLINE><PROBABILITY>1</PROBABILITY><RANK>2</RANK><CATEGORY><RULECATEGORY>mspft</RULECATEGORY></CATEGORY><PATH><SFA><FILEPATH>d:\enlistdd\csa_rc\sources\src\ddsuites\src\vs\edtqa\static\xmlvalidation\fixedbugs\</FILEPATH><FILENAME>tfs372959.cpp</FILENAME><LINE>11</LINE><COLUMN>6</COLUMN></SFA><SFA><FILEPATH>d:\enlistdd\csa_rc\sources\src\ddsuites\src\vs\edtqa\static\xmlvalidation\fixedbugs\</FILEPATH><FILENAME>tfs372959.cpp</FILENAME><LINE>12</LINE><COLUMN>4</COLUMN><KEYEVENT><ID>1</ID><KIND>declaration</KIND><IMPORTANCE>Essential</IMPORTANCE><MESSAGE>'this-&gt;j' is a byte quantity</MESSAGE></KEYEVENT></SFA><SFA><FILEPATH>d:\enlistdd\csa_rc\sources\src\ddsuites\src\vs\edtqa\static\xmlvalidation\fixedbugs\</FILEPATH><FILENAME>tfs372959.cpp</FILENAME><LINE>14</LINE><COLUMN>4</COLUMN><KEYEVENT><ID>2</ID><KIND>alias</KIND><IMPORTANCE>Essential</IMPORTANCE><MESSAGE>(alias) 'i' receives the value of 'this-&gt;j' (which is in bytes)</MESSAGE></KEYEVENT></SFA><SFA><FILEPATH>d:\enlistdd\csa_rc\sources\src\ddsuites\src\vs\edtqa\static\xmlvalidation\fixedbugs\</FILEPATH><FILENAME>tfs372959.cpp</FILENAME><LINE>16</LINE><COLUMN>4</COLUMN><KEYEVENT><ID>3</ID><KIND>usage</KIND><IMPORTANCE>Essential</IMPORTANCE><MESSAGE>Expression mixes element counts and byte quantities</MESSAGE></KEYEVENT></SFA></PATH></DEFECT><DEFECT><SFA><FILEPATH>d:\enlistdd\csa_rc\sources\src\ddsuites\src\vs\edtqa\static\xmlvalidation\fixedbugs\</FILEPATH><FILENAME>tfs372959.cpp</FILENAME><LINE>28</LINE><COLUMN>4</COLUMN></SFA><DEFECTCODE>6305</DEFECTCODE><DESCRIPTION>Potential mismatch between sizeof and countof quantities. Use sizeof() to scale byte sizes.</DESCRIPTION><FUNCTION>Missed6305::MissedAlias2</FUNCTION><DECORATED>?MissedAlias2@Missed6305@@AAEHPA_W@Z</DECORATED><FUNCLINE>21</FUNCLINE><PROBABILITY>1</PROBABILITY><RANK>2</RANK><CATEGORY><RULECATEGORY>mspft</RULECATEGORY></CATEGORY><PATH><SFA><FILEPATH>d:\enlistdd\csa_rc\sources\src\ddsuites\src\vs\edtqa\static\xmlvalidation\fixedbugs\</FILEPATH><FILENAME>tfs372959.cpp</FILENAME><LINE>23</LINE><COLUMN>4</COLUMN></SFA><SFA><FILEPATH>d:\enlistdd\csa_rc\sources\src\ddsuites\src\vs\edtqa\static\xmlvalidation\fixedbugs\</FILEPATH><FILENAME>tfs372959.cpp</FILENAME><LINE>24</LINE><COLUMN>6</COLUMN><KEYEVENT><ID>1</ID><KIND>declaration</KIND><IMPORTANCE>Essential</IMPORTANCE><MESSAGE>'i' is a byte quantity</MESSAGE></KEYEVENT></SFA><SFA><FILEPATH>d:\enlistdd\csa_rc\sources\src\ddsuites\src\vs\edtqa\static\xmlvalidation\fixedbugs\</FILEPATH><FILENAME>tfs372959.cpp</FILENAME><LINE>26</LINE><COLUMN>4</COLUMN><KEYEVENT><ID>2</ID><KIND>alias</KIND><IMPORTANCE>Essential</IMPORTANCE><MESSAGE>(alias) 'this-&gt;j' receives the value of 'i' (which is in bytes)</MESSAGE></KEYEVENT></SFA><SFA><FILEPATH>d:\enlistdd\csa_rc\sources\src\ddsuites\src\vs\edtqa\static\xmlvalidation\fixedbugs\</FILEPATH><FILENAME>tfs372959.cpp</FILENAME><LINE>28</LINE><COLUMN>4</COLUMN><KEYEVENT><ID>3</ID><KIND>usage</KIND><IMPORTANCE>Essential</IMPORTANCE><MESSAGE>Expression mixes element counts and byte quantities</MESSAGE></KEYEVENT></SFA></PATH></DEFECT><DEFECT><SFA><FILEPATH>d:\enlistdd\csa_rc\sources\src\ddsuites\src\vs\edtqa\static\xmlvalidation\fixedbugs\</FILEPATH><FILENAME>tfs372959.cpp</FILENAME><LINE>40</LINE><COLUMN>4</COLUMN></SFA><DEFECTCODE>6305</DEFECTCODE><DESCRIPTION>Potential mismatch between sizeof and countof quantities. Use sizeof() to scale byte sizes.</DESCRIPTION><FUNCTION>Missed6305::MissedAliasPlusAssign</FUNCTION><DECORATED>?MissedAliasPlusAssign@Missed6305@@AAEHPA_W@Z</DECORATED><FUNCLINE>33</FUNCLINE><PROBABILITY>1</PROBABILITY><RANK>2</RANK><CATEGORY><RULECATEGORY>mspft</RULECATEGORY></CATEGORY><PATH><SFA><FILEPATH>d:\enlistdd\csa_rc\sources\src\ddsuites\src\vs\edtqa\static\xmlvalidation\fixedbugs\</FILEPATH><FILENAME>tfs372959.cpp</FILENAME><LINE>35</LINE><COLUMN>6</COLUMN></SFA><SFA><FILEPATH>d:\enlistdd\csa_rc\sources\src\ddsuites\src\vs\edtqa\static\xmlvalidation\fixedbugs\</FILEPATH><FILENAME>tfs372959.cpp</FILENAME><LINE>36</LINE><COLUMN>4</COLUMN><KEYEVENT><ID>1</ID><KIND>declaration</KIND><IMPORTANCE>Essential</IMPORTANCE><MESSAGE>'this-&gt;j' is a byte quantity</MESSAGE></KEYEVENT></SFA><SFA><FILEPATH>d:\enlistdd\csa_rc\sources\src\ddsuites\src\vs\edtqa\static\xmlvalidation\fixedbugs\</FILEPATH><FILENAME>tfs372959.cpp</FILENAME><LINE>38</LINE><COLUMN>4</COLUMN><KEYEVENT><ID>2</ID><KIND>alias</KIND><IMPORTANCE>Essential</IMPORTANCE><MESSAGE>(alias) 'i' receives a byte quantity from 'this-&gt;j'</MESSAGE></KEYEVENT></SFA><SFA><FILEPATH>d:\enlistdd\csa_rc\sources\src\ddsuites\src\vs\edtqa\static\xmlvalidation\fixedbugs\</FILEPATH><FILENAME>tfs372959.cpp</FILENAME><LINE>40</LINE><COLUMN>4</COLUMN><KEYEVENT><ID>3</ID><KIND>usage</KIND><IMPORTANCE>Essential</IMPORTANCE><MESSAGE>Expression mixes element counts and byte quantities</MESSAGE></KEYEVENT></SFA></PATH></DEFECT><DEFECT><SFA><FILEPATH>d:\enlistdd\csa_rc\sources\src\ddsuites\src\vs\edtqa\static\xmlvalidation\fixedbugs\</FILEPATH><FILENAME>tfs372959.cpp</FILENAME><LINE>52</LINE><COLUMN>4</COLUMN></SFA><DEFECTCODE>6305</DEFECTCODE><DESCRIPTION>Potential mismatch between sizeof and countof quantities. Use sizeof() to scale byte sizes.</DESCRIPTION><FUNCTION>Missed6305::MissedAliasPlusAssign2</FUNCTION><DECORATED>?MissedAliasPlusAssign2@Missed6305@@AAEHPA_W@Z</DECORATED><FUNCLINE>45</FUNCLINE><PROBABILITY>1</PROBABILITY><RANK>2</RANK><CATEGORY><RULECATEGORY>mspft</RULECATEGORY></CATEGORY><PATH><SFA><FILEPATH>d:\enlistdd\csa_rc\sources\src\ddsuites\src\vs\edtqa\static\xmlvalidation\fixedbugs\</FILEPATH><FILENAME>tfs372959.cpp</FILENAME><LINE>47</LINE><COLUMN>4</COLUMN></SFA><SFA><FILEPATH>d:\enlistdd\csa_rc\sources\src\ddsuites\src\vs\edtqa\static\xmlvalidation\fixedbugs\</FILEPATH><FILENAME>tfs372959.cpp</FILENAME><LINE>48</LINE><COLUMN>6</COLUMN><KEYEVENT><ID>1</ID><KIND>declaration</KIND><IMPORTANCE>Essential</IMPORTANCE><MESSAGE>'i' is a byte quantity</MESSAGE></KEYEVENT></SFA><SFA><FILEPATH>d:\enlistdd\csa_rc\sources\src\ddsuites\src\vs\edtqa\static\xmlvalidation\fixedbugs\</FILEPATH><FILENAME>tfs372959.cpp</FILENAME><LINE>50</LINE><COLUMN>4</COLUMN><KEYEVENT><ID>2</ID><KIND>alias</KIND><IMPORTANCE>Essential</IMPORTANCE><MESSAGE>(alias) 'this-&gt;j' receives a byte quantity from 'i'</MESSAGE></KEYEVENT></SFA><SFA><FILEPATH>d:\enlistdd\csa_rc\sources\src\ddsuites\src\vs\edtqa\static\xmlvalidation\fixedbugs\</FILEPATH><FILENAME>tfs372959.cpp</FILENAME><LINE>52</LINE><COLUMN>4</COLUMN><KEYEVENT><ID>3</ID><KIND>usage</KIND><IMPORTANCE>Essential</IMPORTANCE><MESSAGE>Expression mixes element counts and byte quantities</MESSAGE></KEYEVENT></SFA></PATH></DEFECT><DEFECT><SFA><FILEPATH>d:\enlistdd\csa_rc\sources\src\ddsuites\src\vs\edtqa\static\xmlvalidation\fixedbugs\</FILEPATH><FILENAME>tfs372959.cpp</FILENAME><LINE>64</LINE><COLUMN>4</COLUMN></SFA><DEFECTCODE>6305</DEFECTCODE><DESCRIPTION>Potential mismatch between sizeof and countof quantities. Use sizeof() to scale byte sizes.</DESCRIPTION><FUNCTION>Missed6305::MissedAlias_LocalIsCorrect</FUNCTION><DECORATED>?MissedAlias_LocalIsCorrect@Missed6305@@AAEHPA_W@Z</DECORATED><FUNCLINE>57</FUNCLINE><PROBABILITY>1</PROBABILITY><RANK>2</RANK><CATEGORY><RULECATEGORY>mspft</RULECATEGORY></CATEGORY><PATH><SFA><FILEPATH>d:\enlistdd\csa_rc\sources\src\ddsuites\src\vs\edtqa\static\xmlvalidation\fixedbugs\</FILEPATH><FILENAME>tfs372959.cpp</FILENAME><LINE>59</LINE><COLUMN>6</COLUMN></SFA><SFA><FILEPATH>d:\enlistdd\csa_rc\sources\src\ddsuites\src\vs\edtqa\static\xmlvalidation\fixedbugs\</FILEPATH><FILENAME>tfs372959.cpp</FILENAME><LINE>60</LINE><COLUMN>6</COLUMN><KEYEVENT><ID>1</ID><KIND>declaration</KIND><IMPORTANCE>Essential</IMPORTANCE><MESSAGE>'j2' is a byte quantity</MESSAGE></KEYEVENT></SFA><SFA><FILEPATH>d:\enlistdd\csa_rc\sources\src\ddsuites\src\vs\edtqa\static\xmlvalidation\fixedbugs\</FILEPATH><FILENAME>tfs372959.cpp</FILENAME><LINE>62</LINE><COLUMN>4</COLUMN><KEYEVENT><ID>2</ID><KIND>alias</KIND><IMPORTANCE>Essential</IMPORTANCE><MESSAGE>(alias) 'i' receives the value of 'j2' (which is in bytes)</MESSAGE></KEYEVENT></SFA><SFA><FILEPATH>d:\enlistdd\csa_rc\sources\src\ddsuites\src\vs\edtqa\static\xmlvalidation\fixedbugs\</FILEPATH><FILENAME>tfs372959.cpp</FILENAME><LINE>64</LINE><COLUMN>4</COLUMN><KEYEVENT><ID>3</ID><KIND>usage</KIND><IMPORTANCE>Essential</IMPORTANCE><MESSAGE>Expression mixes element counts and byte quantities</MESSAGE></KEYEVENT></SFA></PATH></DEFECT><DEFECT><SFA><FILEPATH>d:\enlistdd\csa_rc\sources\src\ddsuites\src\vs\edtqa\static\xmlvalidation\fixedbugs\</FILEPATH><FILENAME>tfs372959.cpp</FILENAME><LINE>76</LINE><COLUMN>4</COLUMN></SFA><DEFECTCODE>6305</DEFECTCODE><DESCRIPTION>Potential mismatch between sizeof and countof quantities. Use sizeof() to scale byte sizes.</DESCRIPTION><FUNCTION>Missed6305::MissedAliasPlusAssign_LocalIsCorrect</FUNCTION><DECORATED>?MissedAliasPlusAssign_LocalIsCorrect@Missed6305@@AAEHPA_W@Z</DECORATED><FUNCLINE>69</FUNCLINE><PROBABILITY>1</PROBABILITY><RANK>2</RANK><CATEGORY><RULECATEGORY>mspft</RULECATEGORY></CATEGORY><PATH><SFA><FILEPATH>d:\enlistdd\csa_rc\sources\src\ddsuites\src\vs\edtqa\static\xmlvalidation\fixedbugs\</FILEPATH><FILENAME>tfs372959.cpp</FILENAME><LINE>71</LINE><COLUMN>6</COLUMN></SFA><SFA><FILEPATH>d:\enlistdd\csa_rc\sources\src\ddsuites\src\vs\edtqa\static\xmlvalidation\fixedbugs\</FILEPATH><FILENAME>tfs372959.cpp</FILENAME><LINE>72</LINE><COLUMN>6</COLUMN><KEYEVENT><ID>1</ID><KIND>declaration</KIND><IMPORTANCE>Essential</IMPORTANCE><MESSAGE>'j2' is a byte quantity</MESSAGE></KEYEVENT></SFA><SFA><FILEPATH>d:\enlistdd\csa_rc\sources\src\ddsuites\src\vs\edtqa\static\xmlvalidation\fixedbugs\</FILEPATH><FILENAME>tfs372959.cpp</FILENAME><LINE>74</LINE><COLUMN>4</COLUMN><KEYEVENT><ID>2</ID><KIND>alias</KIND><IMPORTANCE>Essential</IMPORTANCE><MESSAGE>(alias) 'i' receives a byte quantity from 'j2'</MESSAGE></KEYEVENT></SFA><SFA><FILEPATH>d:\enlistdd\csa_rc\sources\src\ddsuites\src\vs\edtqa\static\xmlvalidation\fixedbugs\</FILEPATH><FILENAME>tfs372959.cpp</FILENAME><LINE>76</LINE><COLUMN>4</COLUMN><KEYEVENT><ID>3</ID><KIND>usage</KIND><IMPORTANCE>Essential</IMPORTANCE><MESSAGE>Expression mixes element counts and byte quantities</MESSAGE></KEYEVENT></SFA></PATH></DEFECT><DEFECT><SFA><FILEPATH>d:\enlistdd\csa_rc\sources\src\ddsuites\src\vs\edtqa\static\xmlvalidation\fixedbugs\</FILEPATH><FILENAME>tfs372959.cpp</FILENAME><LINE>89</LINE><COLUMN>3</COLUMN></SFA><DEFECTCODE>6305</DEFECTCODE><DESCRIPTION>Potential mismatch between sizeof and countof quantities. Use sizeof() to scale byte sizes.</DESCRIPTION><FUNCTION>Missed6305::SizeOfMissedForMember</FUNCTION><DECORATED>?SizeOfMissedForMember@Missed6305@@AAEHPAH@Z</DECORATED><FUNCLINE>84</FUNCLINE><PROBABILITY>1</PROBABILITY><RANK>2</RANK><CATEGORY><RULECATEGORY>mspft</RULECATEGORY></CATEGORY><PATH><SFA><FILEPATH>d:\enlistdd\csa_rc\sources\src\ddsuites\src\vs\edtqa\static\xmlvalidation\fixedbugs\</FILEPATH><FILENAME>tfs372959.cpp</FILENAME><LINE>86</LINE><COLUMN>6</COLUMN></SFA><SFA><FILEPATH>d:\enlistdd\csa_rc\sources\src\ddsuites\src\vs\edtqa\static\xmlvalidation\fixedbugs\</FILEPATH><FILENAME>tfs372959.cpp</FILENAME><LINE>87</LINE><COLUMN>5</COLUMN><KEYEVENT><ID>1</ID><KIND>declaration</KIND><IMPORTANCE>Essential</IMPORTANCE><MESSAGE>'this-&gt;cb' is a byte quantity</MESSAGE></KEYEVENT></SFA><SFA><FILEPATH>d:\enlistdd\csa_rc\sources\src\ddsuites\src\vs\edtqa\static\xmlvalidation\fixedbugs\</FILEPATH><FILENAME>tfs372959.cpp</FILENAME><LINE>89</LINE><COLUMN>3</COLUMN><KEYEVENT><ID>2</ID><KIND>usage</KIND><IMPORTANCE>Essential</IMPORTANCE><MESSAGE>Expression mixes element counts and byte quantities</MESSAGE></KEYEVENT></SFA></PATH></DEFECT><DEFECT><SFA><FILEPATH>d:\enlistdd\csa_rc\sources\src\ddsuites\src\vs\edtqa\static\xmlvalidation\fixedbugs\</FILEPATH><FILENAME>tfs372959.cpp</FILENAME><LINE>98</LINE><COLUMN>3</COLUMN></SFA><DEFECTCODE>6305</DEFECTCODE><DESCRIPTION>Potential mismatch between sizeof and countof quantities. Use sizeof() to scale byte sizes.</DESCRIPTION><FUNCTION>Missed6305::SizeOfMissedForMember_LocalIsCorrect</FUNCTION><DECORATED>?SizeOfMissedForMember_LocalIsCorrect@Missed6305@@AAEHPAH@Z</DECORATED><FUNCLINE>93</FUNCLINE><PROBABILITY>1</PROBABILITY><RANK>2</RANK><CATEGORY><RULECATEGORY>mspft</RULECATEGORY></CATEGORY><PATH><SFA><FILEPATH>d:\enlistdd\csa_rc\sources\src\ddsuites\src\vs\edtqa\static\xmlvalidation\fixedbugs\</FILEPATH><FILENAME>tfs372959.cpp</FILENAME><LINE>95</LINE><COLUMN>6</COLUMN></SFA><SFA><FILEPATH>d:\enlistdd\csa_rc\sources\src\ddsuites\src\vs\edtqa\static\xmlvalidation\fixedbugs\</FILEPATH><FILENAME>tfs372959.cpp</FILENAME><LINE>96</LINE><COLUMN>6</COLUMN><KEYEVENT><ID>1</ID><KIND>declaration</KIND><IMPORTANCE>Essential</IMPORTANCE><MESSAGE>'cb2' is a byte quantity</MESSAGE></KEYEVENT></SFA><SFA><FILEPATH>d:\enlistdd\csa_rc\sources\src\ddsuites\src\vs\edtqa\static\xmlvalidation\fixedbugs\</FILEPATH><FILENAME>tfs372959.cpp</FILENAME><LINE>98</LINE><COLUMN>3</COLUMN><KEYEVENT><ID>2</ID><KIND>usage</KIND><IMPORTANCE>Essential</IMPORTANCE><MESSAGE>Expression mixes element counts and byte quantities</MESSAGE></KEYEVENT></SFA></PATH></DEFECT></DEFECTS>