<?xml version='1.0' encoding='UTF-8'?>
<DEFECTS><DEFECT><SFA><FILEPATH>c:\wincsa\src\ddsuites\src\vs\edtqa\static\xmlvalidation\c6001\</FILEPATH><FILENAME>c6001example.cpp</FILENAME><LINE>9</LINE><COLUMN>3</COLUMN></SFA><DEFECTCODE>6001</DEFECTCODE><DESCRIPTION>Using uninitialized memory 'i'.</DESCRIPTION><FUNCTION>C6001_Example1</FUNCTION><DECORATED>?C6001_Example1@@YAH_N0@Z</DECORATED><FUNCLINE>2</FUNCLINE><PROBABILITY>1</PROBABILITY><RANK>3</RANK><CATEGORY><RULECATEGORY>mspft</RULECATEGORY></CATEGORY><PATH><SFA><FILEPATH>c:\wincsa\src\ddsuites\src\vs\edtqa\static\xmlvalidation\c6001\</FILEPATH><FILENAME>c6001example.cpp</FILENAME><LINE>4</LINE><COLUMN>7</COLUMN><KEYEVENT><ID>1</ID><KIND>declaration</KIND><IMPORTANCE>Essential</IMPORTANCE><MESSAGE>'i' is not initialized</MESSAGE></KEYEVENT></SFA><SFA><FILEPATH>c:\wincsa\src\ddsuites\src\vs\edtqa\static\xmlvalidation\c6001\</FILEPATH><FILENAME>c6001example.cpp</FILENAME><LINE>5</LINE><COLUMN>10</COLUMN><KEYEVENT><ID>2</ID><KIND>branch</KIND><IMPORTANCE>Full</IMPORTANCE><MESSAGE>Skip this branch, (assume 'b&amp;&amp;c' is false)</MESSAGE></KEYEVENT></SFA><SFA><FILEPATH>c:\wincsa\src\ddsuites\src\vs\edtqa\static\xmlvalidation\c6001\</FILEPATH><FILENAME>c6001example.cpp</FILENAME><LINE>9</LINE><COLUMN>3</COLUMN><KEYEVENT><ID>3</ID><KIND>usage</KIND><IMPORTANCE>Essential</IMPORTANCE><MESSAGE>'i' is used, but may not have been initialized</MESSAGE></KEYEVENT></SFA></PATH></DEFECT></DEFECTS>
