<?xml version='1.0' encoding='UTF-8'?>
<DEFECTS><DEFECT><SFA><FILEPATH>c:\wincsa\src\ddsuites\src\vs\edtqa\static\xmlvalidation\c6029\</FILEPATH><FILENAME>c6029example.cpp</FILENAME><LINE>11</LINE><COLUMN>30</COLUMN></SFA><DEFECTCODE>6029</DEFECTCODE><DESCRIPTION>Possible buffer overrun in call to 'ReadFile': use of unchecked value 'cbLen'</DESCRIPTION><FUNCTION>C6029_Example</FUNCTION><DECORATED>?C6029_Example@@YA_NPAX@Z</DECORATED><FUNCLINE>2</FUNCLINE><PROBABILITY>1</PROBABILITY><RANK>3</RANK><CATEGORY><RULECATEGORY>mspft</RULECATEGORY></CATEGORY><PATH><SFA><FILEPATH>c:\wincsa\src\ddsuites\src\vs\edtqa\static\xmlvalidation\c6001\</FILEPATH><FILENAME>c6029example.cpp</FILENAME><LINE>8</LINE><COLUMN>20</COLUMN><KEYEVENT><ID>1</ID><KIND>declaration</KIND><IMPORTANCE>Essential</IMPORTANCE><MESSAGE>Set 'cbLen' from untrusted source</MESSAGE></KEYEVENT></SFA><SFA><FILEPATH>c:\wincsa\src\ddsuites\src\vs\edtqa\static\xmlvalidation\c6001\</FILEPATH><FILENAME>c6029example.cpp</FILENAME><LINE>11</LINE><COLUMN>10</COLUMN><KEYEVENT><ID>2</ID><KIND>branch</KIND><IMPORTANCE>Essential</IMPORTANCE><MESSAGE>Use 'cbLen' without verifying validity</MESSAGE></KEYEVENT></SFA></PATH></DEFECT></DEFECTS>