<?xml version='1.0' encoding='UTF-8'?>
<DEFECTS><DEFECT><SFA><FILEPATH>c:\wincsa\src\ddsuites\src\vs\edtqa\static\xmlvalidation\c6305\</FILEPATH><FILENAME>c6305example.cpp</FILENAME><LINE>6</LINE><COLUMN>4</COLUMN></SFA><DEFECTCODE>6305</DEFECTCODE><DESCRIPTION>Potential mismatch between sizeof and countof quantities.</DESCRIPTION><FUNCTION>C6305_Example1</FUNCTION><DECORATED>?C6305_Example1@@YAHPAH@Z</DECORATED><FUNCLINE>1</FUNCLINE><PROBABILITY>1</PROBABILITY><RANK>2</RANK><CATEGORY><RULECATEGORY>mspft</RULECATEGORY></CATEGORY><PATH><SFA><FILEPATH>c:\wincsa\src\ddsuites\src\vs\edtqa\static\xmlvalidation\c6305\</FILEPATH><FILENAME>c6305example.cpp</FILENAME><LINE>3</LINE><COLUMN>7</COLUMN></SFA><SFA><FILEPATH>c:\wincsa\src\ddsuites\src\vs\edtqa\static\xmlvalidation\c6305\</FILEPATH><FILENAME>c6305example.cpp</FILENAME><LINE>4</LINE><COLUMN>7</COLUMN><KEYEVENT><ID>1</ID><KIND>declaration</KIND><IMPORTANCE>Essential</IMPORTANCE><MESSAGE>'cb' is initialized with a sizeof quantity (measured in bytes)</MESSAGE></KEYEVENT></SFA><SFA><FILEPATH>c:\wincsa\src\ddsuites\src\vs\edtqa\static\xmlvalidation\c6305\</FILEPATH><FILENAME>c6305example.cpp</FILENAME><LINE>6</LINE><COLUMN>4</COLUMN><KEYEVENT><ID>2</ID><KIND>usage</KIND><IMPORTANCE>Essential</IMPORTANCE><MESSAGE>'cb' is used in an expression that expects element counts, not bytes</MESSAGE></KEYEVENT></SFA></PATH></DEFECT></DEFECTS>