<?xml version='1.0' encoding='UTF-8'?>
<DEFECTS><DEFECT><SFA><FILEPATH>c:\wincsa\src\ddsuites\src\vs\edtqa\static\xmlvalidation\combinedwarnings\</FILEPATH><FILENAME>c6001example.cpp</FILENAME><LINE>9</LINE><COLUMN>3</COLUMN></SFA><DEFECTCODE>6001</DEFECTCODE><DESCRIPTION>Using uninitialized memory 'i'.</DESCRIPTION><FUNCTION>C6001_Example1</FUNCTION><DECORATED>?C6001_Example1@@YAH_N0@Z</DECORATED><FUNCLINE>2</FUNCLINE><PROBABILITY>1</PROBABILITY><RANK>3</RANK><CATEGORY><RULECATEGORY>mspft</RULECATEGORY></CATEGORY><PATH><SFA><FILEPATH>c:\wincsa\src\ddsuites\src\vs\edtqa\static\xmlvalidation\combinedwarnings\</FILEPATH><FILENAME>c6001example.cpp</FILENAME><LINE>4</LINE><COLUMN>7</COLUMN><KEYEVENT><ID>1</ID><KIND>declaration</KIND><IMPORTANCE>Essential</IMPORTANCE><MESSAGE>'i' is not initialized</MESSAGE></KEYEVENT></SFA><SFA><FILEPATH>c:\wincsa\src\ddsuites\src\vs\edtqa\static\xmlvalidation\combinedwarnings\</FILEPATH><FILENAME>c6001example.cpp</FILENAME><LINE>5</LINE><COLUMN>10</COLUMN><KEYEVENT><ID>2</ID><KIND>branch</KIND><IMPORTANCE>Full</IMPORTANCE><MESSAGE>Skip this branch, (assume 'b&amp;&amp;c' is false)</MESSAGE></KEYEVENT></SFA><SFA><FILEPATH>c:\wincsa\src\ddsuites\src\vs\edtqa\static\xmlvalidation\combinedwarnings\</FILEPATH><FILENAME>c6001example.cpp</FILENAME><LINE>9</LINE><COLUMN>3</COLUMN><KEYEVENT><ID>3</ID><KIND>usage</KIND><IMPORTANCE>Essential</IMPORTANCE><MESSAGE>'i' is used, but may not have been initialized</MESSAGE></KEYEVENT></SFA></PATH></DEFECT><DEFECT><SFA><FILEPATH>c:\wincsa\src\ddsuites\src\vs\edtqa\static\xmlvalidation\combinedwarnings\</FILEPATH><FILENAME>c28182example.cpp</FILENAME><LINE>16</LINE><COLUMN>22</COLUMN></SFA><DEFECTCODE>28182</DEFECTCODE><DESCRIPTION>Dereferencing NULL pointer. 'pNode' contains the same NULL value as 'pNodeFree' did. </DESCRIPTION><FUNCTION>C28182Example</FUNCTION><DECORATED>?C28182Example@@YAXXZ</DECORATED><FUNCLINE>11</FUNCLINE><PROBABILITY>1</PROBABILITY><RANK>3</RANK><CATEGORY><RULECATEGORY>mspft</RULECATEGORY></CATEGORY><PATH><SFA><FILEPATH>c:\wincsa\src\ddsuites\src\vs\edtqa\static\xmlvalidation\combinedwarnings\</FILEPATH><FILENAME>c28182example.cpp</FILENAME><LINE>13</LINE><COLUMN>18</COLUMN><KEYEVENT><ID>1</ID><KIND>branch</KIND><IMPORTANCE>Full</IMPORTANCE><MESSAGE>'pNodeFree' may be NULL (Enter this branch)</MESSAGE></KEYEVENT></SFA><SFA><FILEPATH>c:\wincsa\src\ddsuites\src\vs\edtqa\static\xmlvalidation\combinedwarnings\</FILEPATH><FILENAME>c28182example.cpp</FILENAME><LINE>15</LINE><COLUMN>9</COLUMN><KEYEVENT><ID>2</ID><KIND>alias</KIND><IMPORTANCE>Essential</IMPORTANCE><MESSAGE>(alias) 'pNode' receives the value of 'pNodeFree' (which may be NULL)</MESSAGE></KEYEVENT></SFA><SFA><FILEPATH>c:\wincsa\src\ddsuites\src\vs\edtqa\static\xmlvalidation\combinedwarnings\</FILEPATH><FILENAME>c28182example.cpp</FILENAME><LINE>16</LINE><COLUMN>22</COLUMN><KEYEVENT><ID>3</ID><KIND>usage</KIND><IMPORTANCE>Essential</IMPORTANCE><MESSAGE>'pNode' is dereferenced, but may still be NULL</MESSAGE></KEYEVENT></SFA></PATH></DEFECT><DEFECT><SFA><FILEPATH>c:\wincsa\src\ddsuites\src\vs\edtqa\static\xmlvalidation\combinedwarnings\</FILEPATH><FILENAME>c6386example.cpp</FILENAME><LINE>9</LINE><COLUMN>11</COLUMN></SFA><DEFECTCODE>6386</DEFECTCODE><DESCRIPTION>Buffer overrun while writing to 'a':  the writable size is '4' bytes, but '5' bytes might be written.</DESCRIPTION><FUNCTION>C6386_Example</FUNCTION><DECORATED>?C6386_Example@@YAXXZ</DECORATED><FUNCLINE>1</FUNCLINE><PROBABILITY>1</PROBABILITY><RANK>4</RANK><CATEGORY><RULECATEGORY>mspft</RULECATEGORY></CATEGORY><PATH><SFA><FILEPATH>c:\wincsa\src\ddsuites\src\vs\edtqa\static\xmlvalidation\combinedwarnings\</FILEPATH><FILENAME>c6386example.cpp</FILENAME><LINE>3</LINE><COLUMN>8</COLUMN><KEYEVENT><ID>1</ID><KIND>declaration</KIND><IMPORTANCE>Essential</IMPORTANCE><MESSAGE>'a' is an array of 4 elements (4 bytes)</MESSAGE></KEYEVENT></SFA><SFA><FILEPATH>c:\wincsa\src\ddsuites\src\vs\edtqa\static\xmlvalidation\combinedwarnings\</FILEPATH><FILENAME>c6386example.cpp</FILENAME><LINE>4</LINE><COLUMN>7</COLUMN><KEYEVENT><ID>2</ID><KIND>declaration</KIND><IMPORTANCE>Essential</IMPORTANCE><MESSAGE>'j' may equal 4</MESSAGE></KEYEVENT></SFA><SFA><FILEPATH>c:\wincsa\src\ddsuites\src\vs\edtqa\static\xmlvalidation\combinedwarnings\</FILEPATH><FILENAME>c6386example.cpp</FILENAME><LINE>5</LINE><COLUMN>9</COLUMN><KEYEVENT><ID>3</ID><KIND>branch</KIND><IMPORTANCE>Full</IMPORTANCE><MESSAGE>Skip this branch, (assume 'j&lt;4' is false)</MESSAGE></KEYEVENT></SFA><SFA><FILEPATH>c:\wincsa\src\ddsuites\src\vs\edtqa\static\xmlvalidation\combinedwarnings\</FILEPATH><FILENAME>c6386example.cpp</FILENAME><LINE>9</LINE><COLUMN>11</COLUMN><KEYEVENT><ID>4</ID><KIND>usage</KIND><IMPORTANCE>Essential</IMPORTANCE><MESSAGE>Invalid write to 'a[4]', (writable range is 0 to 3)</MESSAGE></KEYEVENT></SFA></PATH></DEFECT><DEFECT><SFA><FILEPATH>c:\wincsa\src\ddsuites\src\vs\edtqa\static\xmlvalidation\combinedwarnings\</FILEPATH><FILENAME>c6385example.cpp</FILENAME><LINE>8</LINE><COLUMN>8</COLUMN></SFA><DEFECTCODE>6385</DEFECTCODE><DESCRIPTION>Reading invalid data from 'a':  the readable size is '5' bytes, but 'i' bytes may be read.</DESCRIPTION><FUNCTION>C6385_Example</FUNCTION><DECORATED>?C6385_Example@@YAXH@Z</DECORATED><FUNCLINE>1</FUNCLINE><PROBABILITY>1</PROBABILITY><RANK>4</RANK><CATEGORY><RULECATEGORY>mspft</RULECATEGORY></CATEGORY><PATH><SFA><FILEPATH>c:\wincsa\src\ddsuites\src\vs\edtqa\static\xmlvalidation\combinedwarnings\</FILEPATH><FILENAME>c6385example.cpp</FILENAME><LINE>3</LINE><COLUMN>8</COLUMN><KEYEVENT><ID>1</ID><KIND>declaration</KIND><IMPORTANCE>Essential</IMPORTANCE><MESSAGE>'a' is an array of 5 elements (5 bytes)</MESSAGE></KEYEVENT></SFA><SFA><FILEPATH>c:\wincsa\src\ddsuites\src\vs\edtqa\static\xmlvalidation\combinedwarnings\</FILEPATH><FILENAME>c6385example.cpp</FILENAME><LINE>4</LINE><COLUMN>12</COLUMN></SFA><SFA><FILEPATH>c:\wincsa\src\ddsuites\src\vs\edtqa\static\xmlvalidation\combinedwarnings\</FILEPATH><FILENAME>c6385example.cpp</FILENAME><LINE>4</LINE><COLUMN>18</COLUMN></SFA><SFA><FILEPATH>c:\wincsa\src\ddsuites\src\vs\edtqa\static\xmlvalidation\combinedwarnings\</FILEPATH><FILENAME>c6385example.cpp</FILENAME><LINE>4</LINE><COLUMN>32</COLUMN></SFA><SFA><FILEPATH>c:\wincsa\src\ddsuites\src\vs\edtqa\static\xmlvalidation\combinedwarnings\</FILEPATH><FILENAME>c6385example.cpp</FILENAME><LINE>4</LINE><COLUMN>23</COLUMN></SFA><SFA><FILEPATH>c:\wincsa\src\ddsuites\src\vs\edtqa\static\xmlvalidation\combinedwarnings\</FILEPATH><FILENAME>c6385example.cpp</FILENAME><LINE>4</LINE><COLUMN>18</COLUMN></SFA><SFA><FILEPATH>c:\wincsa\src\ddsuites\src\vs\edtqa\static\xmlvalidation\combinedwarnings\</FILEPATH><FILENAME>c6385example.cpp</FILENAME><LINE>4</LINE><COLUMN>32</COLUMN></SFA><SFA><FILEPATH>c:\wincsa\src\ddsuites\src\vs\edtqa\static\xmlvalidation\combinedwarnings\</FILEPATH><FILENAME>c6385example.cpp</FILENAME><LINE>4</LINE><COLUMN>23</COLUMN></SFA><SFA><FILEPATH>c:\wincsa\src\ddsuites\src\vs\edtqa\static\xmlvalidation\combinedwarnings\</FILEPATH><FILENAME>c6385example.cpp</FILENAME><LINE>4</LINE><COLUMN>18</COLUMN></SFA><SFA><FILEPATH>c:\wincsa\src\ddsuites\src\vs\edtqa\static\xmlvalidation\combinedwarnings\</FILEPATH><FILENAME>c6385example.cpp</FILENAME><LINE>5</LINE><COLUMN>8</COLUMN></SFA><SFA><FILEPATH>c:\wincsa\src\ddsuites\src\vs\edtqa\static\xmlvalidation\combinedwarnings\</FILEPATH><FILENAME>c6385example.cpp</FILENAME><LINE>6</LINE><COLUMN>9</COLUMN><KEYEVENT><ID>2</ID><KIND>branch</KIND><IMPORTANCE>Full</IMPORTANCE><MESSAGE>Enter this branch, (assume 'i&lt;=5')</MESSAGE></KEYEVENT></SFA><SFA><FILEPATH>c:\wincsa\src\ddsuites\src\vs\edtqa\static\xmlvalidation\combinedwarnings\</FILEPATH><FILENAME>c6385example.cpp</FILENAME><LINE>8</LINE><COLUMN>8</COLUMN><KEYEVENT><ID>3</ID><KIND>usage</KIND><IMPORTANCE>Essential</IMPORTANCE><MESSAGE>Invalid read from 'a[5]', (readable range is 0 to 4)</MESSAGE></KEYEVENT></SFA></PATH></DEFECT><DEFECT><SFA><FILEPATH>c:\wincsa\src\ddsuites\src\vs\edtqa\static\xmlvalidation\combinedwarnings\</FILEPATH><FILENAME>c6011example.cpp</FILENAME><LINE>6</LINE><COLUMN>4</COLUMN></SFA><DEFECTCODE>6011</DEFECTCODE><DESCRIPTION>Dereferencing NULL pointer 'p'. </DESCRIPTION><FUNCTION>C6011_Example</FUNCTION><DECORATED>?C6011_Example@@YAXXZ</DECORATED><FUNCLINE>3</FUNCLINE><PROBABILITY>1</PROBABILITY><RANK>4</RANK><CATEGORY><RULECATEGORY>mspft</RULECATEGORY></CATEGORY><PATH><SFA><FILEPATH>c:\wincsa\src\ddsuites\src\vs\edtqa\static\xmlvalidation\combinedwarnings\</FILEPATH><FILENAME>c6011example.cpp</FILENAME><LINE>5</LINE><COLUMN>7</COLUMN><KEYEVENT><ID>1</ID><KIND>declaration</KIND><IMPORTANCE>Essential</IMPORTANCE><MESSAGE>'p' may be NULL</MESSAGE></KEYEVENT></SFA><SFA><FILEPATH>c:\wincsa\src\ddsuites\src\vs\edtqa\static\xmlvalidation\combinedwarnings\</FILEPATH><FILENAME>c6011example.cpp</FILENAME><LINE>6</LINE><COLUMN>4</COLUMN><KEYEVENT><ID>2</ID><KIND>usage</KIND><IMPORTANCE>Essential</IMPORTANCE><MESSAGE>'p' is dereferenced, but may still be NULL</MESSAGE></KEYEVENT></SFA></PATH></DEFECT></DEFECTS>