<?xml version='1.0' encoding='UTF-8'?>
<DEFECTS><DEFECT><SFA><FILEPATH>d:\enlistdd\csa_rc\sources\src\ddsuites\src\vs\edtqa\static\xmlvalidation\fixedbugs\</FILEPATH><FILENAME>tfs360455.cpp</FILENAME><LINE>16</LINE><COLUMN>7</COLUMN></SFA><DEFECTCODE>6385</DEFECTCODE><DESCRIPTION>Reading invalid data from '"txt"':  the readable size is '8' bytes, but '182' bytes may be read.</DESCRIPTION><FUNCTION>fd6327</FUNCTION><DECORATED>?fd6327@@YAXXZ</DECORATED><FUNCLINE>8</FUNCLINE><PROBABILITY>1</PROBABILITY><RANK>4</RANK><CATEGORY><RULECATEGORY>mspft</RULECATEGORY></CATEGORY><PATH><SFA><FILEPATH>d:\enlistdd\csa_rc\sources\src\ddsuites\src\vs\edtqa\static\xmlvalidation\fixedbugs\</FILEPATH><FILENAME>tfs360455.cpp</FILENAME><LINE>10</LINE><COLUMN>7</COLUMN></SFA><SFA><FILEPATH>d:\enlistdd\csa_rc\sources\src\ddsuites\src\vs\edtqa\static\xmlvalidation\fixedbugs\</FILEPATH><FILENAME>tfs360455.cpp</FILENAME><LINE>12</LINE><COLUMN>6</COLUMN></SFA><SFA><FILEPATH>d:\enlistdd\csa_rc\sources\src\ddsuites\src\vs\edtqa\static\xmlvalidation\fixedbugs\</FILEPATH><FILENAME>tfs360455.cpp</FILENAME><LINE>13</LINE><COLUMN>3</COLUMN></SFA><SFA><FILEPATH>d:\enlistdd\csa_rc\sources\src\ddsuites\src\vs\edtqa\static\xmlvalidation\fixedbugs\</FILEPATH><FILENAME>tfs360455.cpp</FILENAME><LINE>14</LINE><COLUMN>6</COLUMN></SFA><SFA><FILEPATH>d:\enlistdd\csa_rc\sources\src\ddsuites\src\vs\edtqa\static\xmlvalidation\fixedbugs\</FILEPATH><FILENAME>tfs360455.cpp</FILENAME><LINE>15</LINE><COLUMN>3</COLUMN><KEYEVENT><ID>1</ID><KIND>declaration</KIND><IMPORTANCE>Essential</IMPORTANCE><MESSAGE>'x' may equal 91</MESSAGE></KEYEVENT></SFA><SFA><FILEPATH>d:\enlistdd\csa_rc\sources\src\ddsuites\src\vs\edtqa\static\xmlvalidation\fixedbugs\</FILEPATH><FILENAME>tfs360455.cpp</FILENAME><LINE>16</LINE><COLUMN>7</COLUMN><KEYEVENT><ID>2</ID><KIND>usage</KIND><IMPORTANCE>Essential</IMPORTANCE><MESSAGE>Invalid read from '"txt"', (outside its readable range)</MESSAGE></KEYEVENT></SFA></PATH></DEFECT></DEFECTS>