<?xml version='1.0' encoding='UTF-8'?>
<DEFECTS><DEFECT><SFA><FILEPATH>d:\enlistdd\csa_rc\sources\src\ddsuites\src\vs\edtqa\static\xmlvalidation\fixedbugs\</FILEPATH><FILENAME>tfs370524.cpp</FILENAME><LINE>14</LINE><COLUMN>6</COLUMN></SFA><DEFECTCODE>6011</DEFECTCODE><DESCRIPTION>Dereferencing NULL pointer 'source'. </DESCRIPTION><FUNCTION>MissedAliases::MissedAlias</FUNCTION><DECORATED>?MissedAlias@MissedAliases@@AAEHXZ</DECORATED><FUNCLINE>10</FUNCLINE><PROBABILITY>1</PROBABILITY><RANK>4</RANK><CATEGORY><RULECATEGORY>mspft</RULECATEGORY></CATEGORY><PATH><SFA><FILEPATH>d:\enlistdd\csa_rc\sources\src\ddsuites\src\vs\edtqa\static\xmlvalidation\fixedbugs\</FILEPATH><FILENAME>tfs370524.cpp</FILENAME><LINE>12</LINE><COLUMN>7</COLUMN><KEYEVENT><ID>1</ID><KIND>declaration</KIND><IMPORTANCE>Essential</IMPORTANCE><MESSAGE>'source' may be NULL</MESSAGE></KEYEVENT></SFA><SFA><FILEPATH>d:\enlistdd\csa_rc\sources\src\ddsuites\src\vs\edtqa\static\xmlvalidation\fixedbugs\</FILEPATH><FILENAME>tfs370524.cpp</FILENAME><LINE>13</LINE><COLUMN>8</COLUMN></SFA><SFA><FILEPATH>d:\enlistdd\csa_rc\sources\src\ddsuites\src\vs\edtqa\static\xmlvalidation\fixedbugs\</FILEPATH><FILENAME>tfs370524.cpp</FILENAME><LINE>14</LINE><COLUMN>6</COLUMN><KEYEVENT><ID>2</ID><KIND>usage</KIND><IMPORTANCE>Essential</IMPORTANCE><MESSAGE>'source' is dereferenced, but may still be NULL</MESSAGE></KEYEVENT></SFA></PATH></DEFECT><DEFECT><SFA><FILEPATH>d:\enlistdd\csa_rc\sources\src\ddsuites\src\vs\edtqa\static\xmlvalidation\fixedbugs\</FILEPATH><FILENAME>tfs370524.cpp</FILENAME><LINE>24</LINE><COLUMN>6</COLUMN></SFA><DEFECTCODE>28182</DEFECTCODE><DESCRIPTION>Dereferencing NULL pointer. 'target' contains the same NULL value as 'source' did. </DESCRIPTION><FUNCTION>MissedAliases::MissedAlias2</FUNCTION><DECORATED>?MissedAlias2@MissedAliases@@AAEHXZ</DECORATED><FUNCLINE>20</FUNCLINE><PROBABILITY>1</PROBABILITY><RANK>3</RANK><CATEGORY><RULECATEGORY>mspft</RULECATEGORY></CATEGORY><PATH><SFA><FILEPATH>d:\enlistdd\csa_rc\sources\src\ddsuites\src\vs\edtqa\static\xmlvalidation\fixedbugs\</FILEPATH><FILENAME>tfs370524.cpp</FILENAME><LINE>22</LINE><COLUMN>7</COLUMN><KEYEVENT><ID>1</ID><KIND>declaration</KIND><IMPORTANCE>Essential</IMPORTANCE><MESSAGE>'this-&gt;source' may be NULL</MESSAGE></KEYEVENT></SFA><SFA><FILEPATH>d:\enlistdd\csa_rc\sources\src\ddsuites\src\vs\edtqa\static\xmlvalidation\fixedbugs\</FILEPATH><FILENAME>tfs370524.cpp</FILENAME><LINE>23</LINE><COLUMN>8</COLUMN><KEYEVENT><ID>2</ID><KIND>alias</KIND><IMPORTANCE>Essential</IMPORTANCE><MESSAGE>(alias) 'target' receives the value of 'this-&gt;source' (which may be NULL)</MESSAGE></KEYEVENT></SFA><SFA><FILEPATH>d:\enlistdd\csa_rc\sources\src\ddsuites\src\vs\edtqa\static\xmlvalidation\fixedbugs\</FILEPATH><FILENAME>tfs370524.cpp</FILENAME><LINE>24</LINE><COLUMN>6</COLUMN><KEYEVENT><ID>3</ID><KIND>usage</KIND><IMPORTANCE>Essential</IMPORTANCE><MESSAGE>'target' is dereferenced, but may still be NULL</MESSAGE></KEYEVENT></SFA></PATH></DEFECT><DEFECT><SFA><FILEPATH>d:\enlistdd\csa_rc\sources\src\ddsuites\src\vs\edtqa\static\xmlvalidation\fixedbugs\</FILEPATH><FILENAME>tfs370524.cpp</FILENAME><LINE>34</LINE><COLUMN>6</COLUMN></SFA><DEFECTCODE>28182</DEFECTCODE><DESCRIPTION>Dereferencing NULL pointer. 'source' contains the same NULL value as 'target' did. </DESCRIPTION><FUNCTION>MissedAliases::MissedAlias3</FUNCTION><DECORATED>?MissedAlias3@MissedAliases@@AAEHPAH@Z</DECORATED><FUNCLINE>30</FUNCLINE><PROBABILITY>1</PROBABILITY><RANK>3</RANK><CATEGORY><RULECATEGORY>mspft</RULECATEGORY></CATEGORY><PATH><SFA><FILEPATH>d:\enlistdd\csa_rc\sources\src\ddsuites\src\vs\edtqa\static\xmlvalidation\fixedbugs\</FILEPATH><FILENAME>tfs370524.cpp</FILENAME><LINE>32</LINE><COLUMN>7</COLUMN><KEYEVENT><ID>1</ID><KIND>declaration</KIND><IMPORTANCE>Essential</IMPORTANCE><MESSAGE>'target' may be NULL</MESSAGE></KEYEVENT></SFA><SFA><FILEPATH>d:\enlistdd\csa_rc\sources\src\ddsuites\src\vs\edtqa\static\xmlvalidation\fixedbugs\</FILEPATH><FILENAME>tfs370524.cpp</FILENAME><LINE>33</LINE><COLUMN>9</COLUMN><KEYEVENT><ID>2</ID><KIND>alias</KIND><IMPORTANCE>Essential</IMPORTANCE><MESSAGE>(alias) 'source' receives the value of 'target' (which may be NULL)</MESSAGE></KEYEVENT></SFA><SFA><FILEPATH>d:\enlistdd\csa_rc\sources\src\ddsuites\src\vs\edtqa\static\xmlvalidation\fixedbugs\</FILEPATH><FILENAME>tfs370524.cpp</FILENAME><LINE>34</LINE><COLUMN>6</COLUMN><KEYEVENT><ID>3</ID><KIND>usage</KIND><IMPORTANCE>Essential</IMPORTANCE><MESSAGE>'source' is dereferenced, but may still be NULL</MESSAGE></KEYEVENT></SFA></PATH></DEFECT></DEFECTS>